Archive member included to satisfy reference by file (symbol)

g:/gcc-arm-none-eabi-10.3-2021.10/bin/../lib/gcc/arm-none-eabi/10.3.1/thumb/v6-m/nofp\libgcc.a(_udivsi3.o)
                              CMakeFiles/project1_v0.elf.dir/Core/Src/system_stm32g0xx.c.obj (__aeabi_uidiv)
g:/gcc-arm-none-eabi-10.3-2021.10/bin/../lib/gcc/arm-none-eabi/10.3.1/thumb/v6-m/nofp\libgcc.a(_dvmd_tls.o)
                              g:/gcc-arm-none-eabi-10.3-2021.10/bin/../lib/gcc/arm-none-eabi/10.3.1/thumb/v6-m/nofp\libgcc.a(_udivsi3.o) (__aeabi_idiv0)
g:/gcc-arm-none-eabi-10.3-2021.10/bin/../lib/gcc/arm-none-eabi/10.3.1/thumb/v6-m/nofp\libgcc.a(unwind-arm.o)
                              CMakeFiles/project1_v0.elf.dir/Core/Src/main.cpp.obj (__aeabi_unwind_cpp_pr0)
g:/gcc-arm-none-eabi-10.3-2021.10/bin/../lib/gcc/arm-none-eabi/10.3.1/thumb/v6-m/nofp\libgcc.a(libunwind.o)
                              g:/gcc-arm-none-eabi-10.3-2021.10/bin/../lib/gcc/arm-none-eabi/10.3.1/thumb/v6-m/nofp\libgcc.a(unwind-arm.o) (restore_core_regs)
g:/gcc-arm-none-eabi-10.3-2021.10/bin/../lib/gcc/arm-none-eabi/10.3.1/thumb/v6-m/nofp\libgcc.a(pr-support.o)
                              g:/gcc-arm-none-eabi-10.3-2021.10/bin/../lib/gcc/arm-none-eabi/10.3.1/thumb/v6-m/nofp\libgcc.a(unwind-arm.o) (__gnu_unwind_execute)
g:/gcc-arm-none-eabi-10.3-2021.10/bin/../lib/gcc/arm-none-eabi/10.3.1/../../../../arm-none-eabi/lib/thumb/v6-m/nofp\libg.a(lib_a-abort.o)
                              g:/gcc-arm-none-eabi-10.3-2021.10/bin/../lib/gcc/arm-none-eabi/10.3.1/thumb/v6-m/nofp\libgcc.a(unwind-arm.o) (abort)
g:/gcc-arm-none-eabi-10.3-2021.10/bin/../lib/gcc/arm-none-eabi/10.3.1/../../../../arm-none-eabi/lib/thumb/v6-m/nofp\libg.a(lib_a-errno.o)
                              CMakeFiles/project1_v0.elf.dir/Core/Src/syscalls.c.obj (__errno)
g:/gcc-arm-none-eabi-10.3-2021.10/bin/../lib/gcc/arm-none-eabi/10.3.1/../../../../arm-none-eabi/lib/thumb/v6-m/nofp\libg.a(lib_a-exit.o)
                              g:/gcc-arm-none-eabi-10.3-2021.10/bin/../lib/gcc/arm-none-eabi/10.3.1/../../../../arm-none-eabi/lib/thumb/v6-m/nofp/crt0.o (exit)
g:/gcc-arm-none-eabi-10.3-2021.10/bin/../lib/gcc/arm-none-eabi/10.3.1/../../../../arm-none-eabi/lib/thumb/v6-m/nofp\libg.a(lib_a-impure.o)
                              g:/gcc-arm-none-eabi-10.3-2021.10/bin/../lib/gcc/arm-none-eabi/10.3.1/../../../../arm-none-eabi/lib/thumb/v6-m/nofp\libg.a(lib_a-exit.o) (_global_impure_ptr)
g:/gcc-arm-none-eabi-10.3-2021.10/bin/../lib/gcc/arm-none-eabi/10.3.1/../../../../arm-none-eabi/lib/thumb/v6-m/nofp\libg.a(lib_a-init.o)
                              g:/gcc-arm-none-eabi-10.3-2021.10/bin/../lib/gcc/arm-none-eabi/10.3.1/../../../../arm-none-eabi/lib/thumb/v6-m/nofp/crt0.o (__libc_init_array)
g:/gcc-arm-none-eabi-10.3-2021.10/bin/../lib/gcc/arm-none-eabi/10.3.1/../../../../arm-none-eabi/lib/thumb/v6-m/nofp\libg.a(lib_a-memcpy-stub.o)
                              CMakeFiles/project1_v0.elf.dir/lib/task.cpp.obj (memcpy)
g:/gcc-arm-none-eabi-10.3-2021.10/bin/../lib/gcc/arm-none-eabi/10.3.1/../../../../arm-none-eabi/lib/thumb/v6-m/nofp\libg.a(lib_a-memset.o)
                              g:/gcc-arm-none-eabi-10.3-2021.10/bin/../lib/gcc/arm-none-eabi/10.3.1/../../../../arm-none-eabi/lib/thumb/v6-m/nofp/crt0.o (memset)
g:/gcc-arm-none-eabi-10.3-2021.10/bin/../lib/gcc/arm-none-eabi/10.3.1/../../../../arm-none-eabi/lib/thumb/v6-m/nofp\libg.a(lib_a-signal.o)
                              g:/gcc-arm-none-eabi-10.3-2021.10/bin/../lib/gcc/arm-none-eabi/10.3.1/../../../../arm-none-eabi/lib/thumb/v6-m/nofp\libg.a(lib_a-abort.o) (raise)
g:/gcc-arm-none-eabi-10.3-2021.10/bin/../lib/gcc/arm-none-eabi/10.3.1/../../../../arm-none-eabi/lib/thumb/v6-m/nofp\libg.a(lib_a-signalr.o)
                              g:/gcc-arm-none-eabi-10.3-2021.10/bin/../lib/gcc/arm-none-eabi/10.3.1/../../../../arm-none-eabi/lib/thumb/v6-m/nofp\libg.a(lib_a-signal.o) (_kill_r)
g:/gcc-arm-none-eabi-10.3-2021.10/bin/../lib/gcc/arm-none-eabi/10.3.1/../../../../arm-none-eabi/lib/thumb/v6-m/nofp\libg.a(lib_a-__call_atexit.o)
                              g:/gcc-arm-none-eabi-10.3-2021.10/bin/../lib/gcc/arm-none-eabi/10.3.1/../../../../arm-none-eabi/lib/thumb/v6-m/nofp\libg.a(lib_a-exit.o) (__call_exitprocs)
g:/gcc-arm-none-eabi-10.3-2021.10/bin/../lib/gcc/arm-none-eabi/10.3.1/../../../../arm-none-eabi/lib/thumb/v6-m/nofp\libg.a(lib_a-atexit.o)
                              g:/gcc-arm-none-eabi-10.3-2021.10/bin/../lib/gcc/arm-none-eabi/10.3.1/../../../../arm-none-eabi/lib/thumb/v6-m/nofp\libg.a(lib_a-__call_atexit.o) (atexit)
g:/gcc-arm-none-eabi-10.3-2021.10/bin/../lib/gcc/arm-none-eabi/10.3.1/../../../../arm-none-eabi/lib/thumb/v6-m/nofp\libg.a(lib_a-fini.o)
                              g:/gcc-arm-none-eabi-10.3-2021.10/bin/../lib/gcc/arm-none-eabi/10.3.1/../../../../arm-none-eabi/lib/thumb/v6-m/nofp\libg.a(lib_a-__call_atexit.o) (__libc_fini_array)
[...]
Memory Configuration

Name             Origin             Length             Attributes
RAM              0x20000000         0x00002000         xrw
FLASH            0x08000000         0x00010000         xr
*default*        0x00000000         0xffffffff

Linker script and memory map

LOAD g:/gcc-arm-none-eabi-10.3-2021.10/bin/../lib/gcc/arm-none-eabi/10.3.1/thumb/v6-m/nofp/crti.o
LOAD g:/gcc-arm-none-eabi-10.3-2021.10/bin/../lib/gcc/arm-none-eabi/10.3.1/thumb/v6-m/nofp/crtbegin.o
LOAD g:/gcc-arm-none-eabi-10.3-2021.10/bin/../lib/gcc/arm-none-eabi/10.3.1/../../../../arm-none-eabi/lib/thumb/v6-m/nofp/crt0.o
LOAD CMakeFiles/project1_v0.elf.dir/Core/Src/gpio.c.obj
LOAD CMakeFiles/project1_v0.elf.dir/Core/Src/main.cpp.obj
LOAD CMakeFiles/project1_v0.elf.dir/Core/Src/spi.c.obj
LOAD CMakeFiles/project1_v0.elf.dir/Core/Src/stm32g0xx_hal_msp.c.obj
LOAD CMakeFiles/project1_v0.elf.dir/Core/Src/stm32g0xx_it.c.obj
LOAD CMakeFiles/project1_v0.elf.dir/Core/Src/syscalls.c.obj
LOAD CMakeFiles/project1_v0.elf.dir/Core/Src/sysmem.c.obj
LOAD CMakeFiles/project1_v0.elf.dir/Core/Src/system_stm32g0xx.c.obj
LOAD CMakeFiles/project1_v0.elf.dir/Core/Startup/startup_stm32g030k8tx.s.obj
LOAD CMakeFiles/project1_v0.elf.dir/Drivers/STM32G0xx_HAL_Driver/Src/stm32g0xx_hal.c.obj
LOAD CMakeFiles/project1_v0.elf.dir/Drivers/STM32G0xx_HAL_Driver/Src/stm32g0xx_hal_cortex.c.obj
LOAD CMakeFiles/project1_v0.elf.dir/Drivers/STM32G0xx_HAL_Driver/Src/stm32g0xx_hal_dma.c.obj
LOAD CMakeFiles/project1_v0.elf.dir/Drivers/STM32G0xx_HAL_Driver/Src/stm32g0xx_hal_dma_ex.c.obj
LOAD CMakeFiles/project1_v0.elf.dir/Drivers/STM32G0xx_HAL_Driver/Src/stm32g0xx_hal_exti.c.obj
LOAD CMakeFiles/project1_v0.elf.dir/Drivers/STM32G0xx_HAL_Driver/Src/stm32g0xx_hal_flash.c.obj
LOAD CMakeFiles/project1_v0.elf.dir/Drivers/STM32G0xx_HAL_Driver/Src/stm32g0xx_hal_flash_ex.c.obj
LOAD CMakeFiles/project1_v0.elf.dir/Drivers/STM32G0xx_HAL_Driver/Src/stm32g0xx_hal_gpio.c.obj
LOAD CMakeFiles/project1_v0.elf.dir/Drivers/STM32G0xx_HAL_Driver/Src/stm32g0xx_hal_pwr.c.obj
LOAD CMakeFiles/project1_v0.elf.dir/Drivers/STM32G0xx_HAL_Driver/Src/stm32g0xx_hal_pwr_ex.c.obj
LOAD CMakeFiles/project1_v0.elf.dir/Drivers/STM32G0xx_HAL_Driver/Src/stm32g0xx_hal_rcc.c.obj
LOAD CMakeFiles/project1_v0.elf.dir/Drivers/STM32G0xx_HAL_Driver/Src/stm32g0xx_hal_rcc_ex.c.obj
LOAD CMakeFiles/project1_v0.elf.dir/Drivers/STM32G0xx_HAL_Driver/Src/stm32g0xx_hal_spi.c.obj
LOAD CMakeFiles/project1_v0.elf.dir/Drivers/STM32G0xx_HAL_Driver/Src/stm32g0xx_hal_spi_ex.c.obj
LOAD CMakeFiles/project1_v0.elf.dir/Drivers/STM32G0xx_HAL_Driver/Src/stm32g0xx_hal_tim.c.obj
LOAD CMakeFiles/project1_v0.elf.dir/Drivers/STM32G0xx_HAL_Driver/Src/stm32g0xx_hal_tim_ex.c.obj
LOAD CMakeFiles/project1_v0.elf.dir/Drivers/STM32G0xx_HAL_Driver/Src/stm32g0xx_ll_dma.c.obj
LOAD CMakeFiles/project1_v0.elf.dir/Drivers/STM32G0xx_HAL_Driver/Src/stm32g0xx_ll_rcc.c.obj
LOAD CMakeFiles/project1_v0.elf.dir/lib/LED_Matrix.cpp.obj
LOAD CMakeFiles/project1_v0.elf.dir/lib/WS2812.cpp.obj
LOAD CMakeFiles/project1_v0.elf.dir/lib/task.cpp.obj
LOAD g:/gcc-arm-none-eabi-10.3-2021.10/bin/../lib/gcc/arm-none-eabi/10.3.1/../../../../arm-none-eabi/lib/thumb/v6-m/nofp\libstdc++.a
LOAD g:/gcc-arm-none-eabi-10.3-2021.10/bin/../lib/gcc/arm-none-eabi/10.3.1/../../../../arm-none-eabi/lib/thumb/v6-m/nofp\libm.a
START GROUP
LOAD g:/gcc-arm-none-eabi-10.3-2021.10/bin/../lib/gcc/arm-none-eabi/10.3.1/thumb/v6-m/nofp\libgcc.a
LOAD g:/gcc-arm-none-eabi-10.3-2021.10/bin/../lib/gcc/arm-none-eabi/10.3.1/../../../../arm-none-eabi/lib/thumb/v6-m/nofp\libg.a
LOAD g:/gcc-arm-none-eabi-10.3-2021.10/bin/../lib/gcc/arm-none-eabi/10.3.1/../../../../arm-none-eabi/lib/thumb/v6-m/nofp\libc.a
END GROUP
LOAD g:/gcc-arm-none-eabi-10.3-2021.10/bin/../lib/gcc/arm-none-eabi/10.3.1/thumb/v6-m/nofp/crtend.o
LOAD g:/gcc-arm-none-eabi-10.3-2021.10/bin/../lib/gcc/arm-none-eabi/10.3.1/thumb/v6-m/nofp/crtn.o
                0x20002000                _estack = (ORIGIN (RAM) + LENGTH (RAM))
                0x00000200                _Min_Heap_Size = 0x200
                0x00000400                _Min_Stack_Size = 0x400

.isr_vector     0x08000000       0xb8
                0x08000000                . = ALIGN (0x4)
 *(.isr_vector)
 .isr_vector    0x08000000       0xb8 CMakeFiles/project1_v0.elf.dir/Core/Startup/startup_stm32g030k8tx.s.obj
                0x08000000                g_pfnVectors
                0x080000b8                . = ALIGN (0x4)

.text           0x080000b8     0x26bc
                0x080000b8                . = ALIGN (0x4)
 *(.text)
 .text          0x080000b8       0x48 g:/gcc-arm-none-eabi-10.3-2021.10/bin/../lib/gcc/arm-none-eabi/10.3.1/thumb/v6-m/nofp/crtbegin.o
 .text          0x08000100      0x114 g:/gcc-arm-none-eabi-10.3-2021.10/bin/../lib/gcc/arm-none-eabi/10.3.1/thumb/v6-m/nofp\libgcc.a(_udivsi3.o)
                0x08000100                __aeabi_uidiv
                0x08000100                __udivsi3
                0x0800020c                __aeabi_uidivmod
 .text          0x08000214        0x4 g:/gcc-arm-none-eabi-10.3-2021.10/bin/../lib/gcc/arm-none-eabi/10.3.1/thumb/v6-m/nofp\libgcc.a(_dvmd_tls.o)
                0x08000214                __aeabi_idiv0
                0x08000214                __aeabi_ldiv0
 .text          0x08000218      0xa30 g:/gcc-arm-none-eabi-10.3-2021.10/bin/../lib/gcc/arm-none-eabi/10.3.1/thumb/v6-m/nofp\libgcc.a(unwind-arm.o)
                0x080004e4                _Unwind_GetCFA
                0x080004e8                __gnu_Unwind_RaiseException
                0x0800053c                __gnu_Unwind_ForcedUnwind
                0x08000550                __gnu_Unwind_Resume
                0x08000598                __gnu_Unwind_Resume_or_Rethrow
                0x080005b4                _Unwind_Complete
                0x080005b8                _Unwind_DeleteException
                0x080005c8                _Unwind_VRS_Get
                0x08000614                _Unwind_VRS_Set
                0x08000660                __gnu_Unwind_Backtrace
                0x080009bc                __aeabi_unwind_cpp_pr0
                0x080009c8                __aeabi_unwind_cpp_pr1
                0x080009d4                __aeabi_unwind_cpp_pr2
                0x080009e0                _Unwind_VRS_Pop
 .text          0x08000c48      0x144 g:/gcc-arm-none-eabi-10.3-2021.10/bin/../lib/gcc/arm-none-eabi/10.3.1/thumb/v6-m/nofp\libgcc.a(libunwind.o)
                0x08000c48                __restore_core_regs
                0x08000c48                restore_core_regs
                0x08000c74                __gnu_Unwind_Restore_VFP
                0x08000c78                __gnu_Unwind_Save_VFP
                0x08000c7c                __gnu_Unwind_Restore_VFP_D
                0x08000c80                __gnu_Unwind_Save_VFP_D
                0x08000c84                __gnu_Unwind_Restore_VFP_D_16_to_31
                0x08000c88                __gnu_Unwind_Save_VFP_D_16_to_31
                0x08000c8c                __gnu_Unwind_Restore_WMMXD
                0x08000c90                __gnu_Unwind_Save_WMMXD
                0x08000c94                __gnu_Unwind_Restore_WMMXC
                0x08000c98                __gnu_Unwind_Save_WMMXC
                0x08000c9c                ___Unwind_RaiseException
                0x08000c9c                _Unwind_RaiseException
                0x08000ccc                _Unwind_Resume
                0x08000ccc                ___Unwind_Resume
                0x08000cfc                _Unwind_Resume_or_Rethrow
                0x08000cfc                ___Unwind_Resume_or_Rethrow
                0x08000d2c                _Unwind_ForcedUnwind
                0x08000d2c                ___Unwind_ForcedUnwind
                0x08000d5c                ___Unwind_Backtrace
                0x08000d5c                _Unwind_Backtrace
 .text          0x08000d8c      0x38c g:/gcc-arm-none-eabi-10.3-2021.10/bin/../lib/gcc/arm-none-eabi/10.3.1/thumb/v6-m/nofp\libgcc.a(pr-support.o)
                0x08000de0                __gnu_unwind_execute
                0x080010d0                __gnu_unwind_frame
                0x080010f8                _Unwind_GetRegionStart
                0x08001104                _Unwind_GetLanguageSpecificData
 *(.text*)
 .text.MX_GPIO_Init
                0x08001118       0x70 CMakeFiles/project1_v0.elf.dir/Core/Src/gpio.c.obj
                0x08001118                MX_GPIO_Init
 .text.Error_Handler
                0x08001188        0x4 CMakeFiles/project1_v0.elf.dir/Core/Src/main.cpp.obj
                0x08001188                Error_Handler
 .text._Z18SystemClock_Configv
                0x0800118c       0x7a CMakeFiles/project1_v0.elf.dir/Core/Src/main.cpp.obj
                0x0800118c                SystemClock_Config()
 .text.main     0x08001206       0x1c CMakeFiles/project1_v0.elf.dir/Core/Src/main.cpp.obj
                0x08001206                main
 *fill*         0x08001222        0x2 
 .text.MX_SPI1_Init
                0x08001224       0x50 CMakeFiles/project1_v0.elf.dir/Core/Src/spi.c.obj
                0x08001224                MX_SPI1_Init
 .text.HAL_SPI_MspInit
                0x08001274       0x5c CMakeFiles/project1_v0.elf.dir/Core/Src/spi.c.obj
                0x08001274                HAL_SPI_MspInit
 .text.HAL_MspInit
                0x080012d0       0x30 CMakeFiles/project1_v0.elf.dir/Core/Src/stm32g0xx_hal_msp.c.obj
                0x080012d0                HAL_MspInit
 .text.NMI_Handler
                0x08001300        0x2 CMakeFiles/project1_v0.elf.dir/Core/Src/stm32g0xx_it.c.obj
                0x08001300                NMI_Handler
 .text.HardFault_Handler
                0x08001302        0x2 CMakeFiles/project1_v0.elf.dir/Core/Src/stm32g0xx_it.c.obj
                0x08001302                HardFault_Handler
 .text.SVC_Handler
                0x08001304        0x2 CMakeFiles/project1_v0.elf.dir/Core/Src/stm32g0xx_it.c.obj
                0x08001304                SVC_Handler
 .text.PendSV_Handler
                0x08001306        0x2 CMakeFiles/project1_v0.elf.dir/Core/Src/stm32g0xx_it.c.obj
                0x08001306                PendSV_Handler
 .text.SysTick_Handler
                0x08001308        0xc CMakeFiles/project1_v0.elf.dir/Core/Src/stm32g0xx_it.c.obj
                0x08001308                SysTick_Handler
 .text._getpid  0x08001314        0x4 CMakeFiles/project1_v0.elf.dir/Core/Src/syscalls.c.obj
                0x08001314                _getpid
 .text._kill    0x08001318       0x10 CMakeFiles/project1_v0.elf.dir/Core/Src/syscalls.c.obj
                0x08001318                _kill
 .text._exit    0x08001328        0xc CMakeFiles/project1_v0.elf.dir/Core/Src/syscalls.c.obj
                0x08001328                _exit
 .text.SystemInit
                0x08001334        0x2 CMakeFiles/project1_v0.elf.dir/Core/Src/system_stm32g0xx.c.obj
                0x08001334                SystemInit
 *fill*         0x08001336        0x2 
 .text.Reset_Handler
                0x08001338       0x50 CMakeFiles/project1_v0.elf.dir/Core/Startup/startup_stm32g030k8tx.s.obj
                0x08001338                Reset_Handler
 .text.Default_Handler
                0x08001388        0x2 CMakeFiles/project1_v0.elf.dir/Core/Startup/startup_stm32g030k8tx.s.obj
                0x08001388                TIM1_CC_IRQHandler
                0x08001388                I2C1_IRQHandler
                0x08001388                RTC_TAMP_IRQHandler
                0x08001388                SPI1_IRQHandler
                0x08001388                DMA1_Ch4_5_DMAMUX1_OVR_IRQHandler
                0x08001388                EXTI2_3_IRQHandler
                0x08001388                ADC1_IRQHandler
                0x08001388                I2C2_IRQHandler
                0x08001388                TIM17_IRQHandler
                0x08001388                TIM16_IRQHandler
                0x08001388                TIM3_IRQHandler
                0x08001388                EXTI4_15_IRQHandler
                0x08001388                RCC_IRQHandler
                0x08001388                DMA1_Channel1_IRQHandler
                0x08001388                Default_Handler
                0x08001388                TIM14_IRQHandler
                0x08001388                EXTI0_1_IRQHandler
                0x08001388                SPI2_IRQHandler
                0x08001388                WWDG_IRQHandler
                0x08001388                DMA1_Channel2_3_IRQHandler
                0x08001388                USART2_IRQHandler
                0x08001388                FLASH_IRQHandler
                0x08001388                USART1_IRQHandler
                0x08001388                TIM1_BRK_UP_TRG_COM_IRQHandler
 *fill*         0x0800138a        0x2 
 .text.HAL_InitTick
                0x0800138c       0x58 CMakeFiles/project1_v0.elf.dir/Drivers/STM32G0xx_HAL_Driver/Src/stm32g0xx_hal.c.obj
                0x0800138c                HAL_InitTick
 .text.HAL_Init
                0x080013e4       0x28 CMakeFiles/project1_v0.elf.dir/Drivers/STM32G0xx_HAL_Driver/Src/stm32g0xx_hal.c.obj
                0x080013e4                HAL_Init
 .text.HAL_IncTick
                0x0800140c       0x18 CMakeFiles/project1_v0.elf.dir/Drivers/STM32G0xx_HAL_Driver/Src/stm32g0xx_hal.c.obj
                0x0800140c                HAL_IncTick
 .text.HAL_GetTick
                0x08001424        0xc CMakeFiles/project1_v0.elf.dir/Drivers/STM32G0xx_HAL_Driver/Src/stm32g0xx_hal.c.obj
                0x08001424                HAL_GetTick
 .text.HAL_NVIC_SetPriority
                0x08001430       0x60 CMakeFiles/project1_v0.elf.dir/Drivers/STM32G0xx_HAL_Driver/Src/stm32g0xx_hal_cortex.c.obj
                0x08001430                HAL_NVIC_SetPriority
 .text.HAL_SYSTICK_Config
                0x08001490       0x38 CMakeFiles/project1_v0.elf.dir/Drivers/STM32G0xx_HAL_Driver/Src/stm32g0xx_hal_cortex.c.obj
                0x08001490                HAL_SYSTICK_Config
 .text.HAL_GPIO_Init
                0x080014c8      0x178 CMakeFiles/project1_v0.elf.dir/Drivers/STM32G0xx_HAL_Driver/Src/stm32g0xx_hal_gpio.c.obj
                0x080014c8                HAL_GPIO_Init
 .text.HAL_GPIO_WritePin
                0x08001640        0xc CMakeFiles/project1_v0.elf.dir/Drivers/STM32G0xx_HAL_Driver/Src/stm32g0xx_hal_gpio.c.obj
                0x08001640                HAL_GPIO_WritePin
 .text.HAL_PWREx_ControlVoltageScaling
                0x0800164c       0x54 CMakeFiles/project1_v0.elf.dir/Drivers/STM32G0xx_HAL_Driver/Src/stm32g0xx_hal_pwr_ex.c.obj
                0x0800164c                HAL_PWREx_ControlVoltageScaling
 .text.HAL_RCC_OscConfig
                0x080016a0      0x4a4 CMakeFiles/project1_v0.elf.dir/Drivers/STM32G0xx_HAL_Driver/Src/stm32g0xx_hal_rcc.c.obj
                0x080016a0                HAL_RCC_OscConfig
 .text.HAL_RCC_GetSysClockFreq
                0x08001b44       0xb8 CMakeFiles/project1_v0.elf.dir/Drivers/STM32G0xx_HAL_Driver/Src/stm32g0xx_hal_rcc.c.obj
                0x08001b44                HAL_RCC_GetSysClockFreq
 .text.HAL_RCC_ClockConfig
                0x08001bfc      0x18c CMakeFiles/project1_v0.elf.dir/Drivers/STM32G0xx_HAL_Driver/Src/stm32g0xx_hal_rcc.c.obj
                0x08001bfc                HAL_RCC_ClockConfig
 .text.SPI_WaitFlagStateUntilTimeout
                0x08001d88       0xe8 CMakeFiles/project1_v0.elf.dir/Drivers/STM32G0xx_HAL_Driver/Src/stm32g0xx_hal_spi.c.obj
 .text.SPI_WaitFifoStateUntilTimeout
                0x08001e70      0x114 CMakeFiles/project1_v0.elf.dir/Drivers/STM32G0xx_HAL_Driver/Src/stm32g0xx_hal_spi.c.obj
 .text.SPI_EndRxTxTransaction
                0x08001f84       0x68 CMakeFiles/project1_v0.elf.dir/Drivers/STM32G0xx_HAL_Driver/Src/stm32g0xx_hal_spi.c.obj
 .text.HAL_SPI_Init
                0x08001fec      0x104 CMakeFiles/project1_v0.elf.dir/Drivers/STM32G0xx_HAL_Driver/Src/stm32g0xx_hal_spi.c.obj
                0x08001fec                HAL_SPI_Init
 .text.HAL_SPI_Transmit
                0x080020f0      0x1b6 CMakeFiles/project1_v0.elf.dir/Drivers/STM32G0xx_HAL_Driver/Src/stm32g0xx_hal_spi.c.obj
                0x080020f0                HAL_SPI_Transmit
 *fill*         0x080022a6        0x2 
 .text._Z12WS2812_resetv
                0x080022a8       0x18 CMakeFiles/project1_v0.elf.dir/lib/WS2812.cpp.obj
                0x080022a8                WS2812_reset()
 .text._Z11WS2812_send14WS2812_color_t
                0x080022c0       0xe8 CMakeFiles/project1_v0.elf.dir/lib/WS2812.cpp.obj
                0x080022c0                WS2812_send(WS2812_color_t)
 .text._Z14WS2812_Handlerv
                0x080023a8       0x30 CMakeFiles/project1_v0.elf.dir/lib/WS2812.cpp.obj
                0x080023a8                WS2812_Handler()
 .text.setup    0x080023d8       0x28 CMakeFiles/project1_v0.elf.dir/lib/task.cpp.obj
                0x080023d8                setup
 .text.loop     0x08002400        0x2 CMakeFiles/project1_v0.elf.dir/lib/task.cpp.obj
                0x08002400                loop
 .text.task_handler
                0x08002402       0x18 CMakeFiles/project1_v0.elf.dir/lib/task.cpp.obj
                0x08002402                task_handler
 *fill*         0x0800241a        0x2 
 .text.abort    0x0800241c       0x10 g:/gcc-arm-none-eabi-10.3-2021.10/bin/../lib/gcc/arm-none-eabi/10.3.1/../../../../arm-none-eabi/lib/thumb/v6-m/nofp\libg.a(lib_a-abort.o)
                0x0800241c                abort
 .text.__errno  0x0800242c        0xc g:/gcc-arm-none-eabi-10.3-2021.10/bin/../lib/gcc/arm-none-eabi/10.3.1/../../../../arm-none-eabi/lib/thumb/v6-m/nofp\libg.a(lib_a-errno.o)
                0x0800242c                __errno
 .text.__libc_init_array
                0x08002438       0x44 g:/gcc-arm-none-eabi-10.3-2021.10/bin/../lib/gcc/arm-none-eabi/10.3.1/../../../../arm-none-eabi/lib/thumb/v6-m/nofp\libg.a(lib_a-init.o)
                0x08002438                __libc_init_array
 .text.memcpy   0x0800247c       0xa4 g:/gcc-arm-none-eabi-10.3-2021.10/bin/../lib/gcc/arm-none-eabi/10.3.1/../../../../arm-none-eabi/lib/thumb/v6-m/nofp\libg.a(lib_a-memcpy-stub.o)
                0x0800247c                memcpy
 .text.memset   0x08002520       0xa8 g:/gcc-arm-none-eabi-10.3-2021.10/bin/../lib/gcc/arm-none-eabi/10.3.1/../../../../arm-none-eabi/lib/thumb/v6-m/nofp\libg.a(lib_a-memset.o)
                0x08002520                memset
 .text.raise    0x080025c8       0x60 g:/gcc-arm-none-eabi-10.3-2021.10/bin/../lib/gcc/arm-none-eabi/10.3.1/../../../../arm-none-eabi/lib/thumb/v6-m/nofp\libg.a(lib_a-signal.o)
                0x080025c8                raise
 .text._kill_r  0x08002628       0x28 g:/gcc-arm-none-eabi-10.3-2021.10/bin/../lib/gcc/arm-none-eabi/10.3.1/../../../../arm-none-eabi/lib/thumb/v6-m/nofp\libg.a(lib_a-signalr.o)
                0x08002628                _kill_r
 .text._getpid_r
                0x08002650        0x8 g:/gcc-arm-none-eabi-10.3-2021.10/bin/../lib/gcc/arm-none-eabi/10.3.1/../../../../arm-none-eabi/lib/thumb/v6-m/nofp\libg.a(lib_a-signalr.o)
                0x08002650                _getpid_r
 .text.startup.register_fini
                0x08002658       0x18 g:/gcc-arm-none-eabi-10.3-2021.10/bin/../lib/gcc/arm-none-eabi/10.3.1/../../../../arm-none-eabi/lib/thumb/v6-m/nofp\libg.a(lib_a-__call_atexit.o)
 .text.atexit   0x08002670       0x10 g:/gcc-arm-none-eabi-10.3-2021.10/bin/../lib/gcc/arm-none-eabi/10.3.1/../../../../arm-none-eabi/lib/thumb/v6-m/nofp\libg.a(lib_a-atexit.o)
                0x08002670                atexit
 .text.__libc_fini_array
                0x08002680       0x28 g:/gcc-arm-none-eabi-10.3-2021.10/bin/../lib/gcc/arm-none-eabi/10.3.1/../../../../arm-none-eabi/lib/thumb/v6-m/nofp\libg.a(lib_a-fini.o)
                0x08002680                __libc_fini_array
 .text.__retarget_lock_acquire_recursive
                0x080026a8        0x4 g:/gcc-arm-none-eabi-10.3-2021.10/bin/../lib/gcc/arm-none-eabi/10.3.1/../../../../arm-none-eabi/lib/thumb/v6-m/nofp\libg.a(lib_a-lock.o)
                0x080026a8                __retarget_lock_acquire_recursive
 .text.__retarget_lock_release_recursive
                0x080026ac        0x4 g:/gcc-arm-none-eabi-10.3-2021.10/bin/../lib/gcc/arm-none-eabi/10.3.1/../../../../arm-none-eabi/lib/thumb/v6-m/nofp\libg.a(lib_a-lock.o)
                0x080026ac                __retarget_lock_release_recursive
 .text.__register_exitproc
                0x080026b0       0xac g:/gcc-arm-none-eabi-10.3-2021.10/bin/../lib/gcc/arm-none-eabi/10.3.1/../../../../arm-none-eabi/lib/thumb/v6-m/nofp\libg.a(lib_a-__atexit.o)
                0x080026b0                __register_exitproc
 *(.glue_7)
 .glue_7        0x0800275c        0x0 linker stubs
 *(.glue_7t)
 .glue_7t       0x0800275c        0x0 linker stubs
 *(.eh_frame)
 .eh_frame      0x0800275c        0x0 g:/gcc-arm-none-eabi-10.3-2021.10/bin/../lib/gcc/arm-none-eabi/10.3.1/thumb/v6-m/nofp/crtbegin.o
 *(.init)
 .init          0x0800275c        0x4 g:/gcc-arm-none-eabi-10.3-2021.10/bin/../lib/gcc/arm-none-eabi/10.3.1/thumb/v6-m/nofp/crti.o
                0x0800275c                _init
 .init          0x08002760        0x8 g:/gcc-arm-none-eabi-10.3-2021.10/bin/../lib/gcc/arm-none-eabi/10.3.1/thumb/v6-m/nofp/crtn.o
 *(.fini)
 .fini          0x08002768        0x4 g:/gcc-arm-none-eabi-10.3-2021.10/bin/../lib/gcc/arm-none-eabi/10.3.1/thumb/v6-m/nofp/crti.o
                0x08002768                _fini
 .fini          0x0800276c        0x8 g:/gcc-arm-none-eabi-10.3-2021.10/bin/../lib/gcc/arm-none-eabi/10.3.1/thumb/v6-m/nofp/crtn.o
                0x08002774                . = ALIGN (0x4)
                0x08002774                _etext = .

.vfp11_veneer   0x08002774        0x0
 .vfp11_veneer  0x08002774        0x0 linker stubs

.v4_bx          0x08002774        0x0
 .v4_bx         0x08002774        0x0 linker stubs

.iplt           0x08002774        0x0
 .iplt          0x08002774        0x0 g:/gcc-arm-none-eabi-10.3-2021.10/bin/../lib/gcc/arm-none-eabi/10.3.1/thumb/v6-m/nofp/crtbegin.o

.rodata         0x08002774       0x44
                0x08002774                . = ALIGN (0x4)
 *(.rodata)
 *(.rodata*)
 .rodata.AHBPrescTable
                0x08002774       0x40 CMakeFiles/project1_v0.elf.dir/Core/Src/system_stm32g0xx.c.obj
                0x08002774                AHBPrescTable
 .rodata._global_impure_ptr
                0x080027b4        0x4 g:/gcc-arm-none-eabi-10.3-2021.10/bin/../lib/gcc/arm-none-eabi/10.3.1/../../../../arm-none-eabi/lib/thumb/v6-m/nofp\libg.a(lib_a-impure.o)
                0x080027b4                _global_impure_ptr
                0x080027b8                . = ALIGN (0x4)

.ARM.extab      0x080027b8       0x30
                0x080027b8                . = ALIGN (0x4)
 *(.ARM.extab* .gnu.linkonce.armextab.*)
 .ARM.extab     0x080027b8       0x24 g:/gcc-arm-none-eabi-10.3-2021.10/bin/../lib/gcc/arm-none-eabi/10.3.1/thumb/v6-m/nofp\libgcc.a(unwind-arm.o)
 .ARM.extab     0x080027dc        0xc g:/gcc-arm-none-eabi-10.3-2021.10/bin/../lib/gcc/arm-none-eabi/10.3.1/thumb/v6-m/nofp\libgcc.a(pr-support.o)
                0x080027e8                . = ALIGN (0x4)

.ARM            0x080027e8      0x110
                0x080027e8                . = ALIGN (0x4)
                0x080027e8                __exidx_start = .
 *(.ARM.exidx*)
 .ARM.exidx.text.Error_Handler
                0x080028b0        0x0 CMakeFiles/project1_v0.elf.dir/Core/Src/main.cpp.obj
                                  0x8 (size before relaxing)
 .ARM.exidx.text._Z18SystemClock_Configv
                0x080028b0        0x8 CMakeFiles/project1_v0.elf.dir/Core/Src/main.cpp.obj
 .ARM.exidx.text.main
                0x080028b8       0x10 CMakeFiles/project1_v0.elf.dir/Core/Src/main.cpp.obj
                                  0x8 (size before relaxing)
 .ARM.exidx.text._Z12WS2812_resetv
                0x080028c8        0x8 CMakeFiles/project1_v0.elf.dir/lib/WS2812.cpp.obj
 .ARM.exidx.text._Z11WS2812_send14WS2812_color_t
                0x080028d0        0x8 CMakeFiles/project1_v0.elf.dir/lib/WS2812.cpp.obj
 .ARM.exidx.text._Z14WS2812_Handlerv
                0x080028d8        0x8 CMakeFiles/project1_v0.elf.dir/lib/WS2812.cpp.obj
 .ARM.exidx.text.setup
                0x080028e0        0x8 CMakeFiles/project1_v0.elf.dir/lib/task.cpp.obj
 .ARM.exidx.text.loop
                0x080028e8        0x0 CMakeFiles/project1_v0.elf.dir/lib/task.cpp.obj
                                  0x8 (size before relaxing)
 .ARM.exidx.text.task_handler
                0x080028e8       0x10 CMakeFiles/project1_v0.elf.dir/lib/task.cpp.obj
                                  0x8 (size before relaxing)
 .ARM.exidx     0x080027e8       0x98 g:/gcc-arm-none-eabi-10.3-2021.10/bin/../lib/gcc/arm-none-eabi/10.3.1/thumb/v6-m/nofp\libgcc.a(unwind-arm.o)
                                 0xd8 (size before relaxing)
 .ARM.exidx     0x08002880       0x30 g:/gcc-arm-none-eabi-10.3-2021.10/bin/../lib/gcc/arm-none-eabi/10.3.1/thumb/v6-m/nofp\libgcc.a(pr-support.o)
                                 0x38 (size before relaxing)
                0x080028f8                __exidx_end = .
                0x080028f8                . = ALIGN (0x4)

.rel.dyn        0x080028f8        0x0
 .rel.iplt      0x080028f8        0x0 g:/gcc-arm-none-eabi-10.3-2021.10/bin/../lib/gcc/arm-none-eabi/10.3.1/thumb/v6-m/nofp/crtbegin.o

.preinit_array  0x080028f8        0x0
                0x080028f8                . = ALIGN (0x4)
                0x080028f8                PROVIDE (__preinit_array_start = .)
 *(.preinit_array*)
                0x080028f8                PROVIDE (__preinit_array_end = .)
                0x080028f8                . = ALIGN (0x4)

.init_array     0x080028f8        0x8
                0x080028f8                . = ALIGN (0x4)
                0x080028f8                PROVIDE (__init_array_start = .)
 *(SORT_BY_NAME(.init_array.*))
 .init_array.00000
                0x080028f8        0x4 g:/gcc-arm-none-eabi-10.3-2021.10/bin/../lib/gcc/arm-none-eabi/10.3.1/../../../../arm-none-eabi/lib/thumb/v6-m/nofp\libg.a(lib_a-__call_atexit.o)
 *(.init_array*)
 .init_array    0x080028fc        0x4 g:/gcc-arm-none-eabi-10.3-2021.10/bin/../lib/gcc/arm-none-eabi/10.3.1/thumb/v6-m/nofp/crtbegin.o
                0x08002900                PROVIDE (__init_array_end = .)
                0x08002900                . = ALIGN (0x4)

.fini_array     0x08002900        0x4
                0x08002900                . = ALIGN (0x4)
                0x08002900                PROVIDE (__fini_array_start = .)
 *(SORT_BY_NAME(.fini_array.*))
 *(.fini_array*)
 .fini_array    0x08002900        0x4 g:/gcc-arm-none-eabi-10.3-2021.10/bin/../lib/gcc/arm-none-eabi/10.3.1/thumb/v6-m/nofp/crtbegin.o
                0x08002904                PROVIDE (__fini_array_end = .)
                0x08002904                . = ALIGN (0x4)
                0x08002904                _sidata = LOADADDR (.data)

.data           0x20000000      0x444 load address 0x08002904
                0x20000000                . = ALIGN (0x4)
                0x20000000                _sdata = .
 *(.data)
 *(.data*)
 .data.SystemCoreClock
                0x20000000        0x4 CMakeFiles/project1_v0.elf.dir/Core/Src/system_stm32g0xx.c.obj
                0x20000000                SystemCoreClock
 .data.uwTickFreq
                0x20000004        0x1 CMakeFiles/project1_v0.elf.dir/Drivers/STM32G0xx_HAL_Driver/Src/stm32g0xx_hal.c.obj
                0x20000004                uwTickFreq
 *fill*         0x20000005        0x3 
 .data.uwTickPrio
                0x20000008        0x4 CMakeFiles/project1_v0.elf.dir/Drivers/STM32G0xx_HAL_Driver/Src/stm32g0xx_hal.c.obj
                0x20000008                uwTickPrio
 .data.violet   0x2000000c        0x3 CMakeFiles/project1_v0.elf.dir/lib/WS2812.cpp.obj
                0x2000000c                violet
 *fill*         0x2000000f        0x1 
 .data._impure_ptr
                0x20000010        0x4 g:/gcc-arm-none-eabi-10.3-2021.10/bin/../lib/gcc/arm-none-eabi/10.3.1/../../../../arm-none-eabi/lib/thumb/v6-m/nofp\libg.a(lib_a-impure.o)
                0x20000010                _impure_ptr
 *fill*         0x20000014        0x4 
 .data.impure_data
                0x20000018      0x428 g:/gcc-arm-none-eabi-10.3-2021.10/bin/../lib/gcc/arm-none-eabi/10.3.1/../../../../arm-none-eabi/lib/thumb/v6-m/nofp\libg.a(lib_a-impure.o)
 .data.__atexit_recursive_mutex
                0x20000440        0x4 g:/gcc-arm-none-eabi-10.3-2021.10/bin/../lib/gcc/arm-none-eabi/10.3.1/../../../../arm-none-eabi/lib/thumb/v6-m/nofp\libg.a(lib_a-__call_atexit.o)
                0x20000440                __atexit_recursive_mutex
 *(.RamFunc)
 *(.RamFunc*)
                0x20000444                . = ALIGN (0x4)
                0x20000444                _edata = .

.igot.plt       0x20000444        0x0 load address 0x08002d48
 .igot.plt      0x20000444        0x0 g:/gcc-arm-none-eabi-10.3-2021.10/bin/../lib/gcc/arm-none-eabi/10.3.1/thumb/v6-m/nofp/crtbegin.o
                0x20000444                . = ALIGN (0x4)

.bss            0x20000444      0x394 load address 0x08002d48
                0x20000444                _sbss = .
                0x20000444                __bss_start__ = _sbss
 *(.bss)
 .bss           0x20000444       0x1c g:/gcc-arm-none-eabi-10.3-2021.10/bin/../lib/gcc/arm-none-eabi/10.3.1/thumb/v6-m/nofp/crtbegin.o
 *(.bss*)
 .bss.hspi1     0x20000460       0x64 CMakeFiles/project1_v0.elf.dir/Core/Src/spi.c.obj
                0x20000460                hspi1
 .bss.uwTick    0x200004c4        0x4 CMakeFiles/project1_v0.elf.dir/Drivers/STM32G0xx_HAL_Driver/Src/stm32g0xx_hal.c.obj
                0x200004c4                uwTick
 .bss._ZZ12WS2812_resetvE6buffer
                0x200004c8       0xc8 CMakeFiles/project1_v0.elf.dir/lib/WS2812.cpp.obj
 .bss.ws2812_data
                0x20000590      0x240 CMakeFiles/project1_v0.elf.dir/lib/WS2812.cpp.obj
                0x20000590                ws2812_data
 .bss.__lock___atexit_recursive_mutex
                0x200007d0        0x1 g:/gcc-arm-none-eabi-10.3-2021.10/bin/../lib/gcc/arm-none-eabi/10.3.1/../../../../arm-none-eabi/lib/thumb/v6-m/nofp\libg.a(lib_a-lock.o)
                0x200007d0                __lock___atexit_recursive_mutex
 *fill*         0x200007d1        0x3 
 .bss.errno     0x200007d4        0x4 g:/gcc-arm-none-eabi-10.3-2021.10/bin/../lib/gcc/arm-none-eabi/10.3.1/../../../../arm-none-eabi/lib/thumb/v6-m/nofp\libg.a(lib_a-reent.o)
                0x200007d4                errno
 *(COMMON)
                0x200007d8                . = ALIGN (0x4)
                0x200007d8                _ebss = .
                0x200007d8                __bss_end__ = _ebss

._user_heap_stack
                0x200007d8      0x600 load address 0x08002d48
                0x200007d8                . = ALIGN (0x8)
                [!provide]                PROVIDE (end = .)
                0x200007d8                PROVIDE (_end = .)
                0x200009d8                . = (. + _Min_Heap_Size)
 *fill*         0x200007d8      0x200 
                0x20000dd8                . = (. + _Min_Stack_Size)
 *fill*         0x200009d8      0x400 
                0x20000dd8                . = ALIGN (0x8)

/DISCARD/
 libc.a(*)
 libm.a(*)
 libgcc.a(*)

.ARM.attributes
                0x00000000       0x28
 *(.ARM.attributes)
 .ARM.attributes
                0x00000000       0x1e g:/gcc-arm-none-eabi-10.3-2021.10/bin/../lib/gcc/arm-none-eabi/10.3.1/thumb/v6-m/nofp/crti.o
 .ARM.attributes
                0x0000001e       0x2c g:/gcc-arm-none-eabi-10.3-2021.10/bin/../lib/gcc/arm-none-eabi/10.3.1/thumb/v6-m/nofp/crtbegin.o
 .ARM.attributes
                0x0000004a       0x2c CMakeFiles/project1_v0.elf.dir/Core/Src/gpio.c.obj
 .ARM.attributes
                0x00000076       0x2c CMakeFiles/project1_v0.elf.dir/Core/Src/main.cpp.obj
 .ARM.attributes
                0x000000a2       0x2c CMakeFiles/project1_v0.elf.dir/Core/Src/spi.c.obj
 .ARM.attributes
                0x000000ce       0x2c CMakeFiles/project1_v0.elf.dir/Core/Src/stm32g0xx_hal_msp.c.obj
 .ARM.attributes
                0x000000fa       0x2c CMakeFiles/project1_v0.elf.dir/Core/Src/stm32g0xx_it.c.obj
 .ARM.attributes
                0x00000126       0x2c CMakeFiles/project1_v0.elf.dir/Core/Src/syscalls.c.obj
 .ARM.attributes
                0x00000152       0x2c CMakeFiles/project1_v0.elf.dir/Core/Src/system_stm32g0xx.c.obj
 .ARM.attributes
                0x0000017e       0x22 CMakeFiles/project1_v0.elf.dir/Core/Startup/startup_stm32g030k8tx.s.obj
 .ARM.attributes
                0x000001a0       0x2c CMakeFiles/project1_v0.elf.dir/Drivers/STM32G0xx_HAL_Driver/Src/stm32g0xx_hal.c.obj
 .ARM.attributes
                0x000001cc       0x2c CMakeFiles/project1_v0.elf.dir/Drivers/STM32G0xx_HAL_Driver/Src/stm32g0xx_hal_cortex.c.obj
 .ARM.attributes
                0x000001f8       0x2c CMakeFiles/project1_v0.elf.dir/Drivers/STM32G0xx_HAL_Driver/Src/stm32g0xx_hal_gpio.c.obj
 .ARM.attributes
                0x00000224       0x2c CMakeFiles/project1_v0.elf.dir/Drivers/STM32G0xx_HAL_Driver/Src/stm32g0xx_hal_pwr_ex.c.obj
 .ARM.attributes
                0x00000250       0x2c CMakeFiles/project1_v0.elf.dir/Drivers/STM32G0xx_HAL_Driver/Src/stm32g0xx_hal_rcc.c.obj
 .ARM.attributes
                0x0000027c       0x2c CMakeFiles/project1_v0.elf.dir/Drivers/STM32G0xx_HAL_Driver/Src/stm32g0xx_hal_spi.c.obj
 .ARM.attributes
                0x000002a8       0x2c CMakeFiles/project1_v0.elf.dir/lib/WS2812.cpp.obj
 .ARM.attributes
                0x000002d4       0x2c CMakeFiles/project1_v0.elf.dir/lib/task.cpp.obj
 .ARM.attributes
                0x00000300       0x1e g:/gcc-arm-none-eabi-10.3-2021.10/bin/../lib/gcc/arm-none-eabi/10.3.1/thumb/v6-m/nofp\libgcc.a(_udivsi3.o)
 .ARM.attributes
                0x0000031e       0x1e g:/gcc-arm-none-eabi-10.3-2021.10/bin/../lib/gcc/arm-none-eabi/10.3.1/thumb/v6-m/nofp\libgcc.a(_dvmd_tls.o)
 .ARM.attributes
                0x0000033c       0x2c g:/gcc-arm-none-eabi-10.3-2021.10/bin/../lib/gcc/arm-none-eabi/10.3.1/thumb/v6-m/nofp\libgcc.a(unwind-arm.o)
 .ARM.attributes
                0x00000368       0x1e g:/gcc-arm-none-eabi-10.3-2021.10/bin/../lib/gcc/arm-none-eabi/10.3.1/thumb/v6-m/nofp\libgcc.a(libunwind.o)
 .ARM.attributes
                0x00000386       0x2c g:/gcc-arm-none-eabi-10.3-2021.10/bin/../lib/gcc/arm-none-eabi/10.3.1/thumb/v6-m/nofp\libgcc.a(pr-support.o)
 .ARM.attributes
                0x000003b2       0x2c g:/gcc-arm-none-eabi-10.3-2021.10/bin/../lib/gcc/arm-none-eabi/10.3.1/../../../../arm-none-eabi/lib/thumb/v6-m/nofp\libg.a(lib_a-abort.o)
 .ARM.attributes
                0x000003de       0x2c g:/gcc-arm-none-eabi-10.3-2021.10/bin/../lib/gcc/arm-none-eabi/10.3.1/../../../../arm-none-eabi/lib/thumb/v6-m/nofp\libg.a(lib_a-errno.o)
 .ARM.attributes
                0x0000040a       0x2c g:/gcc-arm-none-eabi-10.3-2021.10/bin/../lib/gcc/arm-none-eabi/10.3.1/../../../../arm-none-eabi/lib/thumb/v6-m/nofp\libg.a(lib_a-impure.o)
 .ARM.attributes
                0x00000436       0x2c g:/gcc-arm-none-eabi-10.3-2021.10/bin/../lib/gcc/arm-none-eabi/10.3.1/../../../../arm-none-eabi/lib/thumb/v6-m/nofp\libg.a(lib_a-init.o)
 .ARM.attributes
                0x00000462       0x2c g:/gcc-arm-none-eabi-10.3-2021.10/bin/../lib/gcc/arm-none-eabi/10.3.1/../../../../arm-none-eabi/lib/thumb/v6-m/nofp\libg.a(lib_a-memcpy-stub.o)
 .ARM.attributes
                0x0000048e       0x2c g:/gcc-arm-none-eabi-10.3-2021.10/bin/../lib/gcc/arm-none-eabi/10.3.1/../../../../arm-none-eabi/lib/thumb/v6-m/nofp\libg.a(lib_a-memset.o)
 .ARM.attributes
                0x000004ba       0x2c g:/gcc-arm-none-eabi-10.3-2021.10/bin/../lib/gcc/arm-none-eabi/10.3.1/../../../../arm-none-eabi/lib/thumb/v6-m/nofp\libg.a(lib_a-signal.o)
 .ARM.attributes
                0x000004e6       0x2c g:/gcc-arm-none-eabi-10.3-2021.10/bin/../lib/gcc/arm-none-eabi/10.3.1/../../../../arm-none-eabi/lib/thumb/v6-m/nofp\libg.a(lib_a-signalr.o)
 .ARM.attributes
                0x00000512       0x2c g:/gcc-arm-none-eabi-10.3-2021.10/bin/../lib/gcc/arm-none-eabi/10.3.1/../../../../arm-none-eabi/lib/thumb/v6-m/nofp\libg.a(lib_a-__call_atexit.o)
 .ARM.attributes
                0x0000053e       0x2c g:/gcc-arm-none-eabi-10.3-2021.10/bin/../lib/gcc/arm-none-eabi/10.3.1/../../../../arm-none-eabi/lib/thumb/v6-m/nofp\libg.a(lib_a-atexit.o)
 .ARM.attributes
                0x0000056a       0x2c g:/gcc-arm-none-eabi-10.3-2021.10/bin/../lib/gcc/arm-none-eabi/10.3.1/../../../../arm-none-eabi/lib/thumb/v6-m/nofp\libg.a(lib_a-fini.o)
 .ARM.attributes
                0x00000596       0x2c g:/gcc-arm-none-eabi-10.3-2021.10/bin/../lib/gcc/arm-none-eabi/10.3.1/../../../../arm-none-eabi/lib/thumb/v6-m/nofp\libg.a(lib_a-lock.o)
 .ARM.attributes
                0x000005c2       0x2c g:/gcc-arm-none-eabi-10.3-2021.10/bin/../lib/gcc/arm-none-eabi/10.3.1/../../../../arm-none-eabi/lib/thumb/v6-m/nofp\libg.a(lib_a-reent.o)
 .ARM.attributes
                0x000005ee       0x2c g:/gcc-arm-none-eabi-10.3-2021.10/bin/../lib/gcc/arm-none-eabi/10.3.1/../../../../arm-none-eabi/lib/thumb/v6-m/nofp\libg.a(lib_a-__atexit.o)
 .ARM.attributes
                0x0000061a       0x1e g:/gcc-arm-none-eabi-10.3-2021.10/bin/../lib/gcc/arm-none-eabi/10.3.1/thumb/v6-m/nofp/crtn.o
OUTPUT(project1_v0.elf elf32-littlearm)
LOAD linker stubs
LOAD g:/gcc-arm-none-eabi-10.3-2021.10/bin/../lib/gcc/arm-none-eabi/10.3.1/../../../../arm-none-eabi/lib/thumb/v6-m/nofp\libc.a
LOAD g:/gcc-arm-none-eabi-10.3-2021.10/bin/../lib/gcc/arm-none-eabi/10.3.1/../../../../arm-none-eabi/lib/thumb/v6-m/nofp\libm.a
LOAD g:/gcc-arm-none-eabi-10.3-2021.10/bin/../lib/gcc/arm-none-eabi/10.3.1/thumb/v6-m/nofp\libgcc.a

.debug_info     0x00000000     0x7d43
 .debug_info    0x00000000      0x481 CMakeFiles/project1_v0.elf.dir/Core/Src/gpio.c.obj
 .debug_info    0x00000481      0x41b CMakeFiles/project1_v0.elf.dir/Core/Src/main.cpp.obj
 .debug_info    0x0000089c      0xace CMakeFiles/project1_v0.elf.dir/Core/Src/spi.c.obj
 .debug_info    0x0000136a      0x292 CMakeFiles/project1_v0.elf.dir/Core/Src/stm32g0xx_hal_msp.c.obj
 .debug_info    0x000015fc      0x141 CMakeFiles/project1_v0.elf.dir/Core/Src/stm32g0xx_it.c.obj
 .debug_info    0x0000173d      0x7af CMakeFiles/project1_v0.elf.dir/Core/Src/syscalls.c.obj
 .debug_info    0x00001eec      0x38b CMakeFiles/project1_v0.elf.dir/Core/Src/system_stm32g0xx.c.obj
 .debug_info    0x00002277       0x22 CMakeFiles/project1_v0.elf.dir/Core/Startup/startup_stm32g030k8tx.s.obj
 .debug_info    0x00002299      0x9cf CMakeFiles/project1_v0.elf.dir/Drivers/STM32G0xx_HAL_Driver/Src/stm32g0xx_hal.c.obj
 .debug_info    0x00002c68      0xa7f CMakeFiles/project1_v0.elf.dir/Drivers/STM32G0xx_HAL_Driver/Src/stm32g0xx_hal_cortex.c.obj
 .debug_info    0x000036e7      0x62d CMakeFiles/project1_v0.elf.dir/Drivers/STM32G0xx_HAL_Driver/Src/stm32g0xx_hal_gpio.c.obj
 .debug_info    0x00003d14      0x556 CMakeFiles/project1_v0.elf.dir/Drivers/STM32G0xx_HAL_Driver/Src/stm32g0xx_hal_pwr_ex.c.obj
 .debug_info    0x0000426a      0xd47 CMakeFiles/project1_v0.elf.dir/Drivers/STM32G0xx_HAL_Driver/Src/stm32g0xx_hal_rcc.c.obj
 .debug_info    0x00004fb1     0x2298 CMakeFiles/project1_v0.elf.dir/Drivers/STM32G0xx_HAL_Driver/Src/stm32g0xx_hal_spi.c.obj
 .debug_info    0x00007249      0x91f CMakeFiles/project1_v0.elf.dir/lib/WS2812.cpp.obj
 .debug_info    0x00007b68      0x1db CMakeFiles/project1_v0.elf.dir/lib/task.cpp.obj

.debug_abbrev   0x00000000     0x1b5a
 .debug_abbrev  0x00000000      0x177 CMakeFiles/project1_v0.elf.dir/Core/Src/gpio.c.obj
 .debug_abbrev  0x00000177      0x1a9 CMakeFiles/project1_v0.elf.dir/Core/Src/main.cpp.obj
 .debug_abbrev  0x00000320      0x1fc CMakeFiles/project1_v0.elf.dir/Core/Src/spi.c.obj
 .debug_abbrev  0x0000051c       0xe9 CMakeFiles/project1_v0.elf.dir/Core/Src/stm32g0xx_hal_msp.c.obj
 .debug_abbrev  0x00000605       0xca CMakeFiles/project1_v0.elf.dir/Core/Src/stm32g0xx_it.c.obj
 .debug_abbrev  0x000006cf      0x1a3 CMakeFiles/project1_v0.elf.dir/Core/Src/syscalls.c.obj
 .debug_abbrev  0x00000872      0x142 CMakeFiles/project1_v0.elf.dir/Core/Src/system_stm32g0xx.c.obj
 .debug_abbrev  0x000009b4       0x12 CMakeFiles/project1_v0.elf.dir/Core/Startup/startup_stm32g030k8tx.s.obj
 .debug_abbrev  0x000009c6      0x29c CMakeFiles/project1_v0.elf.dir/Drivers/STM32G0xx_HAL_Driver/Src/stm32g0xx_hal.c.obj
 .debug_abbrev  0x00000c62      0x2af CMakeFiles/project1_v0.elf.dir/Drivers/STM32G0xx_HAL_Driver/Src/stm32g0xx_hal_cortex.c.obj
 .debug_abbrev  0x00000f11      0x1fd CMakeFiles/project1_v0.elf.dir/Drivers/STM32G0xx_HAL_Driver/Src/stm32g0xx_hal_gpio.c.obj
 .debug_abbrev  0x0000110e      0x1f8 CMakeFiles/project1_v0.elf.dir/Drivers/STM32G0xx_HAL_Driver/Src/stm32g0xx_hal_pwr_ex.c.obj
 .debug_abbrev  0x00001306      0x29a CMakeFiles/project1_v0.elf.dir/Drivers/STM32G0xx_HAL_Driver/Src/stm32g0xx_hal_rcc.c.obj
 .debug_abbrev  0x000015a0      0x27f CMakeFiles/project1_v0.elf.dir/Drivers/STM32G0xx_HAL_Driver/Src/stm32g0xx_hal_spi.c.obj
 .debug_abbrev  0x0000181f      0x1e7 CMakeFiles/project1_v0.elf.dir/lib/WS2812.cpp.obj
 .debug_abbrev  0x00001a06      0x154 CMakeFiles/project1_v0.elf.dir/lib/task.cpp.obj

.debug_aranges  0x00000000      0x740
 .debug_aranges
                0x00000000       0x20 CMakeFiles/project1_v0.elf.dir/Core/Src/gpio.c.obj
 .debug_aranges
                0x00000020       0x30 CMakeFiles/project1_v0.elf.dir/Core/Src/main.cpp.obj
 .debug_aranges
                0x00000050       0x30 CMakeFiles/project1_v0.elf.dir/Core/Src/spi.c.obj
 .debug_aranges
                0x00000080       0x20 CMakeFiles/project1_v0.elf.dir/Core/Src/stm32g0xx_hal_msp.c.obj
 .debug_aranges
                0x000000a0       0x40 CMakeFiles/project1_v0.elf.dir/Core/Src/stm32g0xx_it.c.obj
 .debug_aranges
                0x000000e0       0xa8 CMakeFiles/project1_v0.elf.dir/Core/Src/syscalls.c.obj
 .debug_aranges
                0x00000188       0x28 CMakeFiles/project1_v0.elf.dir/Core/Src/system_stm32g0xx.c.obj
 .debug_aranges
                0x000001b0       0x28 CMakeFiles/project1_v0.elf.dir/Core/Startup/startup_stm32g030k8tx.s.obj
 .debug_aranges
                0x000001d8      0x100 CMakeFiles/project1_v0.elf.dir/Drivers/STM32G0xx_HAL_Driver/Src/stm32g0xx_hal.c.obj
 .debug_aranges
                0x000002d8       0xa0 CMakeFiles/project1_v0.elf.dir/Drivers/STM32G0xx_HAL_Driver/Src/stm32g0xx_hal_cortex.c.obj
 .debug_aranges
                0x00000378       0x60 CMakeFiles/project1_v0.elf.dir/Drivers/STM32G0xx_HAL_Driver/Src/stm32g0xx_hal_gpio.c.obj
 .debug_aranges
                0x000003d8       0x98 CMakeFiles/project1_v0.elf.dir/Drivers/STM32G0xx_HAL_Driver/Src/stm32g0xx_hal_pwr_ex.c.obj
 .debug_aranges
                0x00000470       0x98 CMakeFiles/project1_v0.elf.dir/Drivers/STM32G0xx_HAL_Driver/Src/stm32g0xx_hal_rcc.c.obj
 .debug_aranges
                0x00000508      0x1d8 CMakeFiles/project1_v0.elf.dir/Drivers/STM32G0xx_HAL_Driver/Src/stm32g0xx_hal_spi.c.obj
 .debug_aranges
                0x000006e0       0x30 CMakeFiles/project1_v0.elf.dir/lib/WS2812.cpp.obj
 .debug_aranges
                0x00000710       0x30 CMakeFiles/project1_v0.elf.dir/lib/task.cpp.obj

.debug_ranges   0x00000000      0x6c8
 .debug_ranges  0x00000000       0x10 CMakeFiles/project1_v0.elf.dir/Core/Src/gpio.c.obj
 .debug_ranges  0x00000010       0x20 CMakeFiles/project1_v0.elf.dir/Core/Src/main.cpp.obj
 .debug_ranges  0x00000030       0x20 CMakeFiles/project1_v0.elf.dir/Core/Src/spi.c.obj
 .debug_ranges  0x00000050       0x10 CMakeFiles/project1_v0.elf.dir/Core/Src/stm32g0xx_hal_msp.c.obj
 .debug_ranges  0x00000060       0x30 CMakeFiles/project1_v0.elf.dir/Core/Src/stm32g0xx_it.c.obj
 .debug_ranges  0x00000090       0x98 CMakeFiles/project1_v0.elf.dir/Core/Src/syscalls.c.obj
 .debug_ranges  0x00000128       0x18 CMakeFiles/project1_v0.elf.dir/Core/Src/system_stm32g0xx.c.obj
 .debug_ranges  0x00000140       0x20 CMakeFiles/project1_v0.elf.dir/Core/Startup/startup_stm32g030k8tx.s.obj
 .debug_ranges  0x00000160       0xf0 CMakeFiles/project1_v0.elf.dir/Drivers/STM32G0xx_HAL_Driver/Src/stm32g0xx_hal.c.obj
 .debug_ranges  0x00000250       0xf0 CMakeFiles/project1_v0.elf.dir/Drivers/STM32G0xx_HAL_Driver/Src/stm32g0xx_hal_cortex.c.obj
 .debug_ranges  0x00000340       0x50 CMakeFiles/project1_v0.elf.dir/Drivers/STM32G0xx_HAL_Driver/Src/stm32g0xx_hal_gpio.c.obj
 .debug_ranges  0x00000390       0x88 CMakeFiles/project1_v0.elf.dir/Drivers/STM32G0xx_HAL_Driver/Src/stm32g0xx_hal_pwr_ex.c.obj
 .debug_ranges  0x00000418       0xa8 CMakeFiles/project1_v0.elf.dir/Drivers/STM32G0xx_HAL_Driver/Src/stm32g0xx_hal_rcc.c.obj
 .debug_ranges  0x000004c0      0x1c8 CMakeFiles/project1_v0.elf.dir/Drivers/STM32G0xx_HAL_Driver/Src/stm32g0xx_hal_spi.c.obj
 .debug_ranges  0x00000688       0x20 CMakeFiles/project1_v0.elf.dir/lib/WS2812.cpp.obj
 .debug_ranges  0x000006a8       0x20 CMakeFiles/project1_v0.elf.dir/lib/task.cpp.obj

.debug_line     0x00000000     0x7059
 .debug_line    0x00000000      0x28b CMakeFiles/project1_v0.elf.dir/Core/Src/gpio.c.obj
 .debug_line    0x0000028b      0x43d CMakeFiles/project1_v0.elf.dir/Core/Src/main.cpp.obj
 .debug_line    0x000006c8      0x3e6 CMakeFiles/project1_v0.elf.dir/Core/Src/spi.c.obj
 .debug_line    0x00000aae      0x22f CMakeFiles/project1_v0.elf.dir/Core/Src/stm32g0xx_hal_msp.c.obj
 .debug_line    0x00000cdd      0x27b CMakeFiles/project1_v0.elf.dir/Core/Src/stm32g0xx_it.c.obj
 .debug_line    0x00000f58      0x447 CMakeFiles/project1_v0.elf.dir/Core/Src/syscalls.c.obj
 .debug_line    0x0000139f      0x31d CMakeFiles/project1_v0.elf.dir/Core/Src/system_stm32g0xx.c.obj
 .debug_line    0x000016bc       0xc6 CMakeFiles/project1_v0.elf.dir/Core/Startup/startup_stm32g030k8tx.s.obj
 .debug_line    0x00001782      0x6b4 CMakeFiles/project1_v0.elf.dir/Drivers/STM32G0xx_HAL_Driver/Src/stm32g0xx_hal.c.obj
 .debug_line    0x00001e36      0x779 CMakeFiles/project1_v0.elf.dir/Drivers/STM32G0xx_HAL_Driver/Src/stm32g0xx_hal_cortex.c.obj
 .debug_line    0x000025af      0x73e CMakeFiles/project1_v0.elf.dir/Drivers/STM32G0xx_HAL_Driver/Src/stm32g0xx_hal_gpio.c.obj
 .debug_line    0x00002ced      0x5fb CMakeFiles/project1_v0.elf.dir/Drivers/STM32G0xx_HAL_Driver/Src/stm32g0xx_hal_pwr_ex.c.obj
 .debug_line    0x000032e8      0xe18 CMakeFiles/project1_v0.elf.dir/Drivers/STM32G0xx_HAL_Driver/Src/stm32g0xx_hal_rcc.c.obj
 .debug_line    0x00004100     0x28d8 CMakeFiles/project1_v0.elf.dir/Drivers/STM32G0xx_HAL_Driver/Src/stm32g0xx_hal_spi.c.obj
 .debug_line    0x000069d8      0x457 CMakeFiles/project1_v0.elf.dir/lib/WS2812.cpp.obj
 .debug_line    0x00006e2f      0x22a CMakeFiles/project1_v0.elf.dir/lib/task.cpp.obj

.debug_str      0x00000000     0x2791
 .debug_str     0x00000000      0x377 CMakeFiles/project1_v0.elf.dir/Core/Src/gpio.c.obj
                                0x3d6 (size before relaxing)
 .debug_str     0x00000377      0x326 CMakeFiles/project1_v0.elf.dir/Core/Src/main.cpp.obj
                                0x4b1 (size before relaxing)
 .debug_str     0x0000069d      0x41e CMakeFiles/project1_v0.elf.dir/Core/Src/spi.c.obj
                                0x8d6 (size before relaxing)
 .debug_str     0x00000abb       0x69 CMakeFiles/project1_v0.elf.dir/Core/Src/stm32g0xx_hal_msp.c.obj
                                0x30d (size before relaxing)
 .debug_str     0x00000b24       0xba CMakeFiles/project1_v0.elf.dir/Core/Src/stm32g0xx_it.c.obj
                                0x286 (size before relaxing)
 .debug_str     0x00000bde      0x25b CMakeFiles/project1_v0.elf.dir/Core/Src/syscalls.c.obj
                                0x465 (size before relaxing)
 .debug_str     0x00000e39       0xd9 CMakeFiles/project1_v0.elf.dir/Core/Src/system_stm32g0xx.c.obj
                                0x376 (size before relaxing)
 .debug_str     0x00000f12       0x73 CMakeFiles/project1_v0.elf.dir/Core/Startup/startup_stm32g030k8tx.s.obj
                                 0xc5 (size before relaxing)
 .debug_str     0x00000f85      0x56b CMakeFiles/project1_v0.elf.dir/Drivers/STM32G0xx_HAL_Driver/Src/stm32g0xx_hal.c.obj
                                0x8b9 (size before relaxing)
 .debug_str     0x000014f0      0x3be CMakeFiles/project1_v0.elf.dir/Drivers/STM32G0xx_HAL_Driver/Src/stm32g0xx_hal_cortex.c.obj
                                0x7ba (size before relaxing)
 .debug_str     0x000018ae      0x17b CMakeFiles/project1_v0.elf.dir/Drivers/STM32G0xx_HAL_Driver/Src/stm32g0xx_hal_gpio.c.obj
                                0x48b (size before relaxing)
 .debug_str     0x00001a29      0x2db CMakeFiles/project1_v0.elf.dir/Drivers/STM32G0xx_HAL_Driver/Src/stm32g0xx_hal_pwr_ex.c.obj
                                0x576 (size before relaxing)
 .debug_str     0x00001d04      0x25d CMakeFiles/project1_v0.elf.dir/Drivers/STM32G0xx_HAL_Driver/Src/stm32g0xx_hal_rcc.c.obj
                                0x7fe (size before relaxing)
 .debug_str     0x00001f61      0x5d0 CMakeFiles/project1_v0.elf.dir/Drivers/STM32G0xx_HAL_Driver/Src/stm32g0xx_hal_spi.c.obj
                                0xd43 (size before relaxing)
 .debug_str     0x00002531      0x1f1 CMakeFiles/project1_v0.elf.dir/lib/WS2812.cpp.obj
                                0x947 (size before relaxing)
 .debug_str     0x00002722       0x6f CMakeFiles/project1_v0.elf.dir/lib/task.cpp.obj
                                0x2d2 (size before relaxing)

.comment        0x00000000       0x49
 .comment       0x00000000       0x49 CMakeFiles/project1_v0.elf.dir/Core/Src/gpio.c.obj
                                 0x4a (size before relaxing)
 .comment       0x00000049       0x4a CMakeFiles/project1_v0.elf.dir/Core/Src/main.cpp.obj
 .comment       0x00000049       0x4a CMakeFiles/project1_v0.elf.dir/Core/Src/spi.c.obj
 .comment       0x00000049       0x4a CMakeFiles/project1_v0.elf.dir/Core/Src/stm32g0xx_hal_msp.c.obj
 .comment       0x00000049       0x4a CMakeFiles/project1_v0.elf.dir/Core/Src/stm32g0xx_it.c.obj
 .comment       0x00000049       0x4a CMakeFiles/project1_v0.elf.dir/Core/Src/syscalls.c.obj
 .comment       0x00000049       0x4a CMakeFiles/project1_v0.elf.dir/Core/Src/system_stm32g0xx.c.obj
 .comment       0x00000049       0x4a CMakeFiles/project1_v0.elf.dir/Drivers/STM32G0xx_HAL_Driver/Src/stm32g0xx_hal.c.obj
 .comment       0x00000049       0x4a CMakeFiles/project1_v0.elf.dir/Drivers/STM32G0xx_HAL_Driver/Src/stm32g0xx_hal_cortex.c.obj
 .comment       0x00000049       0x4a CMakeFiles/project1_v0.elf.dir/Drivers/STM32G0xx_HAL_Driver/Src/stm32g0xx_hal_gpio.c.obj
 .comment       0x00000049       0x4a CMakeFiles/project1_v0.elf.dir/Drivers/STM32G0xx_HAL_Driver/Src/stm32g0xx_hal_pwr_ex.c.obj
 .comment       0x00000049       0x4a CMakeFiles/project1_v0.elf.dir/Drivers/STM32G0xx_HAL_Driver/Src/stm32g0xx_hal_rcc.c.obj
 .comment       0x00000049       0x4a CMakeFiles/project1_v0.elf.dir/Drivers/STM32G0xx_HAL_Driver/Src/stm32g0xx_hal_spi.c.obj
 .comment       0x00000049       0x4a CMakeFiles/project1_v0.elf.dir/lib/WS2812.cpp.obj
 .comment       0x00000049       0x4a CMakeFiles/project1_v0.elf.dir/lib/task.cpp.obj

.debug_frame    0x00000000     0x17d4
 .debug_frame   0x00000000       0x30 CMakeFiles/project1_v0.elf.dir/Core/Src/gpio.c.obj
 .debug_frame   0x00000030       0x50 CMakeFiles/project1_v0.elf.dir/Core/Src/main.cpp.obj
 .debug_frame   0x00000080       0x5c CMakeFiles/project1_v0.elf.dir/Core/Src/spi.c.obj
 .debug_frame   0x000000dc       0x24 CMakeFiles/project1_v0.elf.dir/Core/Src/stm32g0xx_hal_msp.c.obj
 .debug_frame   0x00000100       0x68 CMakeFiles/project1_v0.elf.dir/Core/Src/stm32g0xx_it.c.obj
 .debug_frame   0x00000168      0x184 CMakeFiles/project1_v0.elf.dir/Core/Src/syscalls.c.obj
 .debug_frame   0x000002ec       0x38 CMakeFiles/project1_v0.elf.dir/Core/Src/system_stm32g0xx.c.obj
 .debug_frame   0x00000324      0x20c CMakeFiles/project1_v0.elf.dir/Drivers/STM32G0xx_HAL_Driver/Src/stm32g0xx_hal.c.obj
 .debug_frame   0x00000530      0x134 CMakeFiles/project1_v0.elf.dir/Drivers/STM32G0xx_HAL_Driver/Src/stm32g0xx_hal_cortex.c.obj
 .debug_frame   0x00000664       0xd0 CMakeFiles/project1_v0.elf.dir/Drivers/STM32G0xx_HAL_Driver/Src/stm32g0xx_hal_gpio.c.obj
 .debug_frame   0x00000734      0x120 CMakeFiles/project1_v0.elf.dir/Drivers/STM32G0xx_HAL_Driver/Src/stm32g0xx_hal_pwr_ex.c.obj
 .debug_frame   0x00000854      0x16c CMakeFiles/project1_v0.elf.dir/Drivers/STM32G0xx_HAL_Driver/Src/stm32g0xx_hal_rcc.c.obj
 .debug_frame   0x000009c0      0x5a4 CMakeFiles/project1_v0.elf.dir/Drivers/STM32G0xx_HAL_Driver/Src/stm32g0xx_hal_spi.c.obj
 .debug_frame   0x00000f64       0x5c CMakeFiles/project1_v0.elf.dir/lib/WS2812.cpp.obj
 .debug_frame   0x00000fc0       0x50 CMakeFiles/project1_v0.elf.dir/lib/task.cpp.obj
 .debug_frame   0x00001010       0x20 g:/gcc-arm-none-eabi-10.3-2021.10/bin/../lib/gcc/arm-none-eabi/10.3.1/thumb/v6-m/nofp\libgcc.a(_udivsi3.o)
 .debug_frame   0x00001030      0x2b4 g:/gcc-arm-none-eabi-10.3-2021.10/bin/../lib/gcc/arm-none-eabi/10.3.1/thumb/v6-m/nofp\libgcc.a(unwind-arm.o)
 .debug_frame   0x000012e4       0xf4 g:/gcc-arm-none-eabi-10.3-2021.10/bin/../lib/gcc/arm-none-eabi/10.3.1/thumb/v6-m/nofp\libgcc.a(pr-support.o)
 .debug_frame   0x000013d8       0x28 g:/gcc-arm-none-eabi-10.3-2021.10/bin/../lib/gcc/arm-none-eabi/10.3.1/../../../../arm-none-eabi/lib/thumb/v6-m/nofp\libg.a(lib_a-abort.o)
 .debug_frame   0x00001400       0x20 g:/gcc-arm-none-eabi-10.3-2021.10/bin/../lib/gcc/arm-none-eabi/10.3.1/../../../../arm-none-eabi/lib/thumb/v6-m/nofp\libg.a(lib_a-errno.o)
 .debug_frame   0x00001420       0x2c g:/gcc-arm-none-eabi-10.3-2021.10/bin/../lib/gcc/arm-none-eabi/10.3.1/../../../../arm-none-eabi/lib/thumb/v6-m/nofp\libg.a(lib_a-init.o)
 .debug_frame   0x0000144c       0x34 g:/gcc-arm-none-eabi-10.3-2021.10/bin/../lib/gcc/arm-none-eabi/10.3.1/../../../../arm-none-eabi/lib/thumb/v6-m/nofp\libg.a(lib_a-memcpy-stub.o)
 .debug_frame   0x00001480       0x30 g:/gcc-arm-none-eabi-10.3-2021.10/bin/../lib/gcc/arm-none-eabi/10.3.1/../../../../arm-none-eabi/lib/thumb/v6-m/nofp\libg.a(lib_a-memset.o)
 .debug_frame   0x000014b0       0xfc g:/gcc-arm-none-eabi-10.3-2021.10/bin/../lib/gcc/arm-none-eabi/10.3.1/../../../../arm-none-eabi/lib/thumb/v6-m/nofp\libg.a(lib_a-signal.o)
 .debug_frame   0x000015ac       0x44 g:/gcc-arm-none-eabi-10.3-2021.10/bin/../lib/gcc/arm-none-eabi/10.3.1/../../../../arm-none-eabi/lib/thumb/v6-m/nofp\libg.a(lib_a-signalr.o)
 .debug_frame   0x000015f0       0x54 g:/gcc-arm-none-eabi-10.3-2021.10/bin/../lib/gcc/arm-none-eabi/10.3.1/../../../../arm-none-eabi/lib/thumb/v6-m/nofp\libg.a(lib_a-__call_atexit.o)
 .debug_frame   0x00001644       0x28 g:/gcc-arm-none-eabi-10.3-2021.10/bin/../lib/gcc/arm-none-eabi/10.3.1/../../../../arm-none-eabi/lib/thumb/v6-m/nofp\libg.a(lib_a-atexit.o)
 .debug_frame   0x0000166c       0x2c g:/gcc-arm-none-eabi-10.3-2021.10/bin/../lib/gcc/arm-none-eabi/10.3.1/../../../../arm-none-eabi/lib/thumb/v6-m/nofp\libg.a(lib_a-fini.o)
 .debug_frame   0x00001698       0xb0 g:/gcc-arm-none-eabi-10.3-2021.10/bin/../lib/gcc/arm-none-eabi/10.3.1/../../../../arm-none-eabi/lib/thumb/v6-m/nofp\libg.a(lib_a-lock.o)
 .debug_frame   0x00001748       0x50 g:/gcc-arm-none-eabi-10.3-2021.10/bin/../lib/gcc/arm-none-eabi/10.3.1/../../../../arm-none-eabi/lib/thumb/v6-m/nofp\libg.a(lib_a-reent.o)
 .debug_frame   0x00001798       0x3c g:/gcc-arm-none-eabi-10.3-2021.10/bin/../lib/gcc/arm-none-eabi/10.3.1/../../../../arm-none-eabi/lib/thumb/v6-m/nofp\libg.a(lib_a-__atexit.o)

.debug_loc      0x00000000     0x3aaa
 .debug_loc     0x00000000       0x81 CMakeFiles/project1_v0.elf.dir/Core/Src/spi.c.obj
 .debug_loc     0x00000081      0x3d0 CMakeFiles/project1_v0.elf.dir/Core/Src/syscalls.c.obj
 .debug_loc     0x00000451       0xa9 CMakeFiles/project1_v0.elf.dir/Core/Src/system_stm32g0xx.c.obj
 .debug_loc     0x000004fa      0x1bd CMakeFiles/project1_v0.elf.dir/Drivers/STM32G0xx_HAL_Driver/Src/stm32g0xx_hal.c.obj
 .debug_loc     0x000006b7      0x458 CMakeFiles/project1_v0.elf.dir/Drivers/STM32G0xx_HAL_Driver/Src/stm32g0xx_hal_cortex.c.obj
 .debug_loc     0x00000b0f      0x3a7 CMakeFiles/project1_v0.elf.dir/Drivers/STM32G0xx_HAL_Driver/Src/stm32g0xx_hal_gpio.c.obj
 .debug_loc     0x00000eb6      0x2e0 CMakeFiles/project1_v0.elf.dir/Drivers/STM32G0xx_HAL_Driver/Src/stm32g0xx_hal_pwr_ex.c.obj
 .debug_loc     0x00001196      0x76c CMakeFiles/project1_v0.elf.dir/Drivers/STM32G0xx_HAL_Driver/Src/stm32g0xx_hal_rcc.c.obj
 .debug_loc     0x00001902     0x20ff CMakeFiles/project1_v0.elf.dir/Drivers/STM32G0xx_HAL_Driver/Src/stm32g0xx_hal_spi.c.obj
 .debug_loc     0x00003a01       0x86 CMakeFiles/project1_v0.elf.dir/lib/WS2812.cpp.obj
 .debug_loc     0x00003a87       0x23 CMakeFiles/project1_v0.elf.dir/lib/task.cpp.obj
